[ESP]    [09:41:32.975] BLE: advertising start=OK
[ESP]    [09:41:32.978] [BLE] state -> ADVERTISING (uptime=92s free_heap=268628)
[ESP]    [09:41:34.255] BLE: connected from 98:dd:60:7f:75:8a
[ESP]    [09:41:34.323] [BLE] state -> CONNECTED (uptime=93s free_heap=266348)
[ESP]    [09:41:36.354] BLE: sent diag → [BOOT] reason=SOFTWARE(3) free=266460 min=264244 up=95
[ESP]    [09:41:40.446] [CFG] len=24 err=Ok cfg=1 st=0 ly=0 cs=0 lc=0 cl=0
[ESP]    [09:41:42.252] [CFG] len=1054 err=Ok cfg=1 st=1 ly=1 cs=1 lc=1 cl=1
[ESP]    [09:41:43.502] [CFG] len=82 err=Ok cfg=0 st=0 ly=0 cs=0 lc=0 cl=0
[ESP]    [09:42:00.878] [HEAP] free=266196 min=262584 largest=245748 uptime=120s
[ESP]    [09:42:44.320] [CFG] len=82 err=Ok cfg=0 st=0 ly=0 cs=0 lc=0 cl=0
[ESP]    [09:43:00.950] [HEAP] free=266196 min=262584 largest=245748 uptime=180s
[ESP]    [09:43:45.486] [CFG] len=82 err=Ok cfg=0 st=0 ly=0 cs=0 lc=0 cl=0
[ESP]    [09:44:01.037] [HEAP] free=266196 min=262584 largest=245748 uptime=240s
[ESP]    [09:44:46.741] [CFG] len=82 err=Ok cfg=0 st=0 ly=0 cs=0 lc=0 cl=0
[ESP]    [09:45:01.130] [HEAP] free=266196 min=262584 largest=245748 uptime=300s
[ESP]    [09:45:48.775] [CFG] len=82 err=Ok cfg=0 st=0 ly=0 cs=0 lc=0 cl=0
[ESP]    [09:46:01.140] [HEAP] free=266196 min=262584 largest=245748 uptime=360s
[ESP]    [09:46:50.134] [CFG] len=82 err=Ok cfg=0 st=0 ly=0 cs=0 lc=0 cl=0
[ESP]    [09:47:01.230] [HEAP] free=266196 min=262584 largest=245748 uptime=420s
[ESP]    [09:47:51.335] [CFG] len=82 err=Ok cfg=0 st=0 ly=0 cs=0 lc=0 cl=0
[ESP]    [09:48:52.792] [HEAP] free=266196 min=262584 largest=245748 uptime=480s
[ESP]    [09:48:52.797] [CFG] len=82 err=Ok cfg=0 st=0 ly=0 cs=0 lc=0 cl=0
[ESP]    [09:49:01.334] [HEAP] free=266196 min=262584 largest=245748 uptime=540s
[ESP]    [09:49:53.865] [CFG] len=82 err=Ok cfg=0 st=0 ly=0 cs=0 lc=0 cl=0
[ESP]    [09:50:01.372] [HEAP] free=266196 min=262584 largest=245748 uptime=600s
[ESP]    [09:50:55.029] [CFG] len=82 err=Ok cfg=0 st=0 ly=0 cs=0 lc=0 cl=0
[ESP]    [09:51:01.426] [HEAP] free=266196 min=262584 largest=245748 uptime=660s
[ESP]    [09:51:56.221] [CFG] len=82 err=Ok cfg=0 st=0 ly=0 cs=0 lc=0 cl=0
[ESP]    [09:52:01.447] [HEAP] free=266196 min=262584 largest=245748 uptime=720s
[ESP]    [09:52:20.629] [CFG] len=24 err=Ok cfg=1 st=0 ly=0 cs=0 lc=0 cl=0
[ESP]    [09:52:22.829] [CFG] len=24 err=Ok cfg=1 st=0 ly=0 cs=0 lc=0 cl=0
[ESP]    [09:52:24.642] [CFG] len=1054 err=Ok cfg=1 st=1 ly=1 cs=1 lc=1 cl=1
[ESP]    [09:52:33.975] [CFG] len=24 err=Ok cfg=1 st=0 ly=0 cs=0 lc=0 cl=0
[ESP]    [09:52:40.436] [CFG] len=1054 err=Ok cfg=1 st=1 ly=1 cs=1 lc=1 cl=1
[ESP]    [09:52:46.305] [CFG] len=24 err=Ok cfg=1 st=0 ly=0 cs=0 lc=0 cl=0
[ESP]    [09:52:49.268] [CFG] len=1055 err=Ok cfg=1 st=1 ly=1 cs=1 lc=1 cl=1
[ESP]    [09:52:51.140] [CFG] len=24 err=Ok cfg=1 st=0 ly=0 cs=0 lc=0 cl=0
[ESP]    [09:52:52.697] [CFG] len=1054 err=Ok cfg=1 st=1 ly=1 cs=1 lc=1 cl=1
[ESP]    [09:52:58.709] [CFG] len=82 err=Ok cfg=0 st=0 ly=0 cs=0 lc=0 cl=0
[ESP]    [09:53:01.006] [CFG] len=1054 err=Ok cfg=1 st=1 ly=1 cs=1 lc=1 cl=1
[ESP]    [09:53:23.431] [HEAP] free=266052 min=262440 largest=245748 uptime=780s
[ESP]    [09:53:23.432] [CFG] len=24 err=Ok cfg=1 st=0 ly=0 cs=0 lc=0 cl=0
[ESP]    [09:53:51.707] [CFG] len=24 err=Ok cfg=1 st=0 ly=0 cs=0 lc=0 cl=0
[ESP]    [09:54:00.747] [CFG] len=24 err=Ok cfg=1 st=0 ly=0 cs=0 lc=0 cl=0
[ESP]    [09:54:01.660] [HEAP] free=266052 min=262440 largest=245748 uptime=840s
[ESP]    [09:54:01.998] [CFG] len=82 err=Ok cfg=0 st=0 ly=0 cs=0 lc=0 cl=0
[ESP]    [09:54:11.776] [CFG] len=24 err=Ok cfg=1 st=0 ly=0 cs=0 lc=0 cl=0
[ESP]    [09:54:12.480] [CFG] len=24 err=Ok cfg=1 st=0 ly=0 cs=0 lc=0 cl=0
[ESP]    [09:54:15.376] [CFG] len=1017 err=Ok cfg=1 st=1 ly=1 cs=1 lc=1 cl=1
[ESP]    [09:54:18.569] [CFG] len=24 err=Ok cfg=1 st=0 ly=0 cs=0 lc=0 cl=0
[ESP]    [09:54:26.680] [CFG] len=24 err=Ok cfg=1 st=0 ly=0 cs=0 lc=0 cl=0
[ESP]    [09:54:32.541] [CFG] len=24 err=Ok cfg=1 st=0 ly=0 cs=0 lc=0 cl=0
[ESP]    [09:54:40.757] [CFG] len=24 err=Ok cfg=1 st=0 ly=0 cs=0 lc=0 cl=0
[ESP]    [09:54:48.110] [CFG] len=24 err=Ok cfg=1 st=0 ly=0 cs=0 lc=0 cl=0
[ESP]    [09:54:54.613] [CFG] len=24 err=Ok cfg=1 st=0 ly=0 cs=0 lc=0 cl=0
[ESP]    [09:55:01.682] [HEAP] free=266052 min=262328 largest=245748 uptime=900s
[ESP]    [09:55:04.248] [CFG] len=24 err=Ok cfg=1 st=0 ly=0 cs=0 lc=0 cl=0
[ESP]    [09:55:05.651] [CFG] len=1012 err=Ok cfg=1 st=1 ly=1 cs=1 lc=1 cl=1
[ESP]    [09:55:05.961] [CFG] len=82 err=Ok cfg=0 st=0 ly=0 cs=0 lc=0 cl=0
[ESP]    [09:55:11.632] [CFG] len=1012 err=Ok cfg=1 st=1 ly=1 cs=1 lc=1 cl=1
[ESP]    [09:55:29.737] [CFG] len=24 err=Ok cfg=1 st=0 ly=0 cs=0 lc=0 cl=0
[ESP]    [09:55:32.643] [CFG] len=24 err=Ok cfg=1 st=0 ly=0 cs=0 lc=0 cl=0
[ESP]    [09:55:34.870] [CFG] len=24 err=Ok cfg=1 st=0 ly=0 cs=0 lc=0 cl=0
[ESP]    [09:55:38.786] [CFG] len=24 err=Ok cfg=1 st=0 ly=0 cs=0 lc=0 cl=0
[ESP]    [09:55:40.077] [CFG] len=24 err=Ok cfg=1 st=0 ly=0 cs=0 lc=0 cl=0
[ESP]    [09:55:41.891] [CFG] len=24 err=Ok cfg=1 st=0 ly=0 cs=0 lc=0 cl=0
[ESP]    [09:55:44.451] [CFG] len=1008 err=Ok cfg=1 st=1 ly=1 cs=1 lc=1 cl=1
[ESP]    [09:55:53.246] [CFG] len=24 err=Ok cfg=1 st=0 ly=0 cs=0 lc=0 cl=0
[ESP]    [09:55:54.543] [CFG] len=24 err=Ok cfg=1 st=0 ly=0 cs=0 lc=0 cl=0
[ESP]    [09:56:01.778] [HEAP] free=266044 min=262328 largest=245748 uptime=961s
[ESP]    [09:56:10.582] [CFG] len=82 err=Ok cfg=0 st=0 ly=0 cs=0 lc=0 cl=0
[ESP]    [09:56:16.919] [CFG] len=24 err=Ok cfg=1 st=0 ly=0 cs=0 lc=0 cl=0
[ESP]    [09:56:19.274] [CFG] len=24 err=Ok cfg=1 st=0 ly=0 cs=0 lc=0 cl=0
[ESP]    [09:56:20.896] [CFG] len=1013 err=Ok cfg=1 st=1 ly=1 cs=1 lc=1 cl=1
[ESP]    [09:56:33.020] [CFG] len=24 err=Ok cfg=1 st=0 ly=0 cs=0 lc=0 cl=0
[ESP]    [09:56:47.154] [CFG] len=24 err=Ok cfg=1 st=0 ly=0 cs=0 lc=0 cl=0
[ESP]    [09:56:48.311] [CFG] len=24 err=Ok cfg=1 st=0 ly=0 cs=0 lc=0 cl=0
[ESP]    [09:56:49.911] [CFG] len=24 err=Ok cfg=1 st=0 ly=0 cs=0 lc=0 cl=0
[ESP]    [09:56:53.742] [CFG] len=24 err=Ok cfg=1 st=0 ly=0 cs=0 lc=0 cl=0
[ESP]    [09:57:11.957] [HEAP] free=265932 min=262328 largest=245748 uptime=1021s
[ESP]    [09:57:11.959] [CFG] len=82 err=Ok cfg=0 st=0 ly=0 cs=0 lc=0 cl=0
[ESP]    [09:58:01.915] [HEAP] free=266044 min=262328 largest=245748 uptime=1081s
[ESP]    [09:58:13.135] [CFG] len=83 err=Ok cfg=0 st=0 ly=0 cs=0 lc=0 cl=0
[ESP]    [09:59:02.011] [HEAP] free=266044 min=262328 largest=245748 uptime=1141s
[ESP]    [09:59:14.344] [CFG] len=83 err=Ok cfg=0 st=0 ly=0 cs=0 lc=0 cl=0
[ESP]    [09:59:15.363] [CFG] len=25 err=Ok cfg=1 st=0 ly=0 cs=0 lc=0 cl=0
[ESP]    [10:00:15.478] [HEAP] free=266044 min=262328 largest=245748 uptime=1201s
[ESP]    [10:00:15.480] [CFG] len=83 err=Ok cfg=0 st=0 ly=0 cs=0 lc=0 cl=0
[ESP]    [10:01:02.131] [HEAP] free=266044 min=262328 largest=245748 uptime=1261s
[ESP]    [10:01:16.839] [CFG] len=83 err=Ok cfg=0 st=0 ly=0 cs=0 lc=0 cl=0
[ESP]    [10:01:42.723] BLE: disconnected (reason=520)
[ESP]    [10:01:42.725] BLE: advertising start=OK
[ESP]    [10:01:42.726] [BLE] state -> ADVERTISING (uptime=1301s free_heap=268284)
[ESP]    [10:01:54.724] BLE: connected from 98:dd:60:7f:75:8a
[ESP]    [10:01:54.726] [BLE] state -> CONNECTED (uptime=1313s free_heap=266076)
[ESP]    [10:01:56.757] BLE: sent diag → [BOOT] reason=SOFTWARE(3) free=266132 min=262328 up=1316
[ESP]    [10:01:56.758] [CFG] len=1013 err=Ok cfg=1 st=1 ly=1 cs=1 lc=1 cl=1
[ESP]    [10:01:57.268] [CFG] len=25 err=Ok cfg=1 st=0 ly=0 cs=0 lc=0 cl=0
[ESP]    [10:01:57.863] [CFG] len=83 err=Ok cfg=0 st=0 ly=0 cs=0 lc=0 cl=0
[ESP]    [10:02:02.232] [HEAP] free=266164 min=262328 largest=245748 uptime=1321s
[ESP]    [10:02:19.788] [CFG] len=25 err=Ok cfg=1 st=0 ly=0 cs=0 lc=0 cl=0
[ESP]    [10:02:22.287] [CFG] len=25 err=Ok cfg=1 st=0 ly=0 cs=0 lc=0 cl=0
[ESP]    [10:02:27.988] [CFG] len=25 err=Ok cfg=1 st=0 ly=0 cs=0 lc=0 cl=0
[ESP]    [10:02:28.918] [CFG] len=25 err=Ok cfg=1 st=0 ly=0 cs=0 lc=0 cl=0
[ESP]    [10:02:29.191] [CFG] len=25 err=Ok cfg=1 st=0 ly=0 cs=0 lc=0 cl=0
[ESP]    [10:02:38.687] [CFG] len=25 err=Ok cfg=1 st=0 ly=0 cs=0 lc=0 cl=0
[ESP]    [10:02:45.300] [CFG] len=25 err=Ok cfg=1 st=0 ly=0 cs=0 lc=0 cl=0
[ESP]    [10:02:51.469] [CFG] len=25 err=Ok cfg=1 st=0 ly=0 cs=0 lc=0 cl=0
[ESP]    [10:02:51.840] [CFG] len=25 err=Ok cfg=1 st=0 ly=0 cs=0 lc=0 cl=0
[ESP]    [10:02:54.286] [CFG] len=1013 err=Ok cfg=1 st=1 ly=1 cs=1 lc=1 cl=1
[ESP]    [10:02:58.007] [CFG] len=25 err=Ok cfg=1 st=0 ly=0 cs=0 lc=0 cl=0
[ESP]    [10:02:58.833] [CFG] len=25 err=Ok cfg=1 st=0 ly=0 cs=0 lc=0 cl=0
[ESP]    [10:03:00.404] [CFG] len=83 err=Ok cfg=0 st=0 ly=0 cs=0 lc=0 cl=0
[ESP]    [10:03:03.347] [HEAP] free=266160 min=262328 largest=245748 uptime=1381s
[ESP]    [10:03:03.348] [CFG] len=25 err=Ok cfg=1 st=0 ly=0 cs=0 lc=0 cl=0
[ESP]    [10:03:03.488] BLE: disconnected (reason=531)
[ESP]    [10:03:03.546] BLE: advertising start=OK
[ESP]    [10:03:03.546] [BLE] state -> ADVERTISING (uptime=1382s free_heap=268272)
[ESP]    [10:03:16.737] BLE: connected from 98:dd:60:7f:75:8a
[ESP]    [10:03:16.739] [BLE] state -> CONNECTED (uptime=1395s free_heap=266024)
[ESP]    [10:03:18.724] BLE: sent diag → [BOOT] reason=SOFTWARE(3) free=266148 min=262328 up=1397
[ESP]    [10:03:20.060] [CFG] len=25 err=Ok cfg=1 st=0 ly=0 cs=0 lc=0 cl=0
[ESP]    [10:03:20.355] [CFG] len=25 err=Ok cfg=1 st=0 ly=0 cs=0 lc=0 cl=0
[ESP]    [10:03:21.383] [CFG] len=83 err=Ok cfg=0 st=0 ly=0 cs=0 lc=0 cl=0
[ESP]    [10:04:02.293] [HEAP] free=266148 min=262328 largest=245748 uptime=1441s
[ESP]    [10:04:22.419] [CFG] len=83 err=Ok cfg=0 st=0 ly=0 cs=0 lc=0 cl=0
[ESP]    [10:04:28.730] [CFG] len=25 err=Ok cfg=1 st=0 ly=0 cs=0 lc=0 cl=0
[ESP]    [10:04:30.516] [CFG] len=25 err=Ok cfg=1 st=0 ly=0 cs=0 lc=0 cl=0
[ESP]    [10:04:31.913] [CFG] len=1013 err=Ok cfg=1 st=1 ly=1 cs=1 lc=1 cl=1
[ESP]    [10:05:02.315] [HEAP] free=266148 min=262328 largest=245748 uptime=1501s
[ESP]    [10:05:14.473] [CFG] len=25 err=Ok cfg=1 st=0 ly=0 cs=0 lc=0 cl=0
[ESP]    [10:05:16.686] [CFG] len=25 err=Ok cfg=1 st=0 ly=0 cs=0 lc=0 cl=0
[ESP]    [10:05:21.917] [CFG] len=25 err=Ok cfg=1 st=0 ly=0 cs=0 lc=0 cl=0
[ESP]    [10:05:27.437] [CFG] len=25 err=Ok cfg=1 st=0 ly=0 cs=0 lc=0 cl=0
[ESP]    [10:05:27.911] [CFG] len=83 err=Ok cfg=0 st=0 ly=0 cs=0 lc=0 cl=0
[ESP]    [10:05:29.545] [CFG] len=25 err=Ok cfg=1 st=0 ly=0 cs=0 lc=0 cl=0
[ESP]    [10:05:44.331] [CFG] len=25 err=Ok cfg=1 st=0 ly=0 cs=0 lc=0 cl=0
[ESP]    [10:05:47.340] [CFG] len=25 err=Ok cfg=1 st=0 ly=0 cs=0 lc=0 cl=0
[ESP]    [10:06:31.182] [HEAP] free=266160 min=262328 largest=245748 uptime=1561s
[ESP]    [10:06:31.192] [CFG] len=83 err=Ok cfg=0 st=0 ly=0 cs=0 lc=0 cl=0
[ESP]    [10:06:59.117] [CFG] len=1013 err=Ok cfg=1 st=1 ly=1 cs=1 lc=1 cl=1
[ESP]    [10:07:35.113] [HEAP] free=266148 min=262328 largest=245748 uptime=1621s
[ESP]    [10:07:35.114] [CFG] len=83 err=Ok cfg=0 st=0 ly=0 cs=0 lc=0 cl=0
[ESP]    [10:08:02.515] [HEAP] free=266160 min=262328 largest=245748 uptime=1681s
[ESP]    [10:08:36.150] [CFG] len=83 err=Ok cfg=0 st=0 ly=0 cs=0 lc=0 cl=0
[ESP]    [10:09:02.580] [HEAP] free=266148 min=262328 largest=245748 uptime=1741s
[ESP]    [10:09:37.078] [CFG] len=83 err=Ok cfg=0 st=0 ly=0 cs=0 lc=0 cl=0
[ESP]    [10:10:20.771] [HEAP] free=266160 min=262328 largest=245748 uptime=1801s
[ESP]    [10:10:20.773] [CFG] len=25 err=Ok cfg=1 st=0 ly=0 cs=0 lc=0 cl=0
[ESP]    [10:10:22.307] [CFG] len=25 err=Ok cfg=1 st=0 ly=0 cs=0 lc=0 cl=0
[ESP]    [10:10:22.809] [CFG] len=25 err=Ok cfg=1 st=0 ly=0 cs=0 lc=0 cl=0
[ESP]    [10:10:24.326] [CFG] len=25 err=Ok cfg=1 st=0 ly=0 cs=0 lc=0 cl=0
[ESP]    [10:10:38.150] [CFG] len=83 err=Ok cfg=0 st=0 ly=0 cs=0 lc=0 cl=0
[ESP]    [10:10:53.342] [CFG] len=25 err=Ok cfg=1 st=0 ly=0 cs=0 lc=0 cl=0
[ESP]    [10:11:02.748] [HEAP] free=266040 min=262328 largest=245748 uptime=1861s
[ESP]    [10:11:12.152] [CFG] len=1012 err=Ok cfg=1 st=1 ly=1 cs=1 lc=1 cl=1
[ESP]    [10:11:12.469] [CFG] len=25 err=Ok cfg=1 st=0 ly=0 cs=0 lc=0 cl=0
[ESP]    [10:11:36.930] [CFG] len=1013 err=Ok cfg=1 st=1 ly=1 cs=1 lc=1 cl=1
[ESP]    [10:11:37.289] [CFG] len=25 err=Ok cfg=1 st=0 ly=0 cs=0 lc=0 cl=0
[ESP]    [10:11:43.010] [CFG] len=83 err=Ok cfg=0 st=0 ly=0 cs=0 lc=0 cl=0
[ESP]    [10:11:52.358] [CFG] len=1013 err=Ok cfg=1 st=1 ly=1 cs=1 lc=1 cl=1
[ESP]    [10:12:02.787] [HEAP] free=266004 min=262328 largest=245748 uptime=1922s
[ESP]    [10:12:11.305] [CFG] len=25 err=Ok cfg=1 st=0 ly=0 cs=0 lc=0 cl=0
[ESP]    [10:12:48.486] [CFG] len=83 err=Ok cfg=0 st=0 ly=0 cs=0 lc=0 cl=0
[ESP]    [10:13:49.634] [HEAP] free=266004 min=262328 largest=245748 uptime=1982s
[ESP]    [10:13:49.635] [CFG] len=83 err=Ok cfg=0 st=0 ly=0 cs=0 lc=0 cl=0
[ESP]    [10:14:02.963] [HEAP] free=266016 min=262328 largest=245748 uptime=2042s
[ESP]    [10:14:50.944] [CFG] len=83 err=Ok cfg=0 st=0 ly=0 cs=0 lc=0 cl=0
[ESP]    [10:15:02.994] [HEAP] free=265896 min=262328 largest=245748 uptime=2102s
[ESP]    [10:15:52.470] [CFG] len=83 err=Ok cfg=0 st=0 ly=0 cs=0 lc=0 cl=0
[ESP]    [10:16:03.031] [HEAP] free=266004 min=262328 largest=245748 uptime=2162s
[ESP]    [10:16:53.486] [CFG] len=83 err=Ok cfg=0 st=0 ly=0 cs=0 lc=0 cl=0
[ESP]    [10:17:03.090] [HEAP] free=266016 min=262328 largest=245748 uptime=2222s
[ESP]    [10:17:54.500] [CFG] len=83 err=Ok cfg=0 st=0 ly=0 cs=0 lc=0 cl=0
[ESP]    [10:18:03.172] [HEAP] free=266004 min=262328 largest=245748 uptime=2282s
[ESP]    [10:18:55.683] [CFG] len=83 err=Ok cfg=0 st=0 ly=0 cs=0 lc=0 cl=0
[ESP]    [10:19:03.192] [HEAP] free=266016 min=262328 largest=245748 uptime=2342s
[ESP]    [10:19:15.672] BLE: link dead — forcing reconnect
[ESP]    [10:19:15.674] BLE: advertising start=OK
[ESP]    [10:19:15.675] [BLE] state -> ADVERTISING (uptime=2354s free_heap=264400)
[ESP]    [10:19:15.762] BLE: disconnected (reason=534)
[ESP]    [10:19:15.793] [BLE] state -> DISCONNECTED (uptime=2355s free_heap=268064)
[ESP]    [10:19:16.719] BLE: advertising start=OK
[ESP]    [10:19:16.720] [BLE] state -> ADVERTISING (uptime=2355s free_heap=268132)
[ESP]    [10:19:30.913] BLE: connected from 98:dd:60:7f:75:8a
[ESP]    [10:19:30.931] [BLE] state -> CONNECTED (uptime=2370s free_heap=265904)
[ESP]    [10:19:32.991] BLE: sent diag → [BOOT] reason=SOFTWARE(3) free=265996 min=262328 up=2372
[ESP]    [10:19:32.992] [CFG] len=1013 err=Ok cfg=1 st=1 ly=1 cs=1 lc=1 cl=1
[ESP]    [10:19:33.313] [CFG] len=25 err=Ok cfg=1 st=0 ly=0 cs=0 lc=0 cl=0
[ESP]    [10:19:33.590] [CFG] len=25 err=Ok cfg=1 st=0 ly=0 cs=0 lc=0 cl=0
[ESP]    [10:19:33.967] [CFG] len=83 err=Ok cfg=0 st=0 ly=0 cs=0 lc=0 cl=0
[ESP]    [10:20:03.260] [HEAP] free=266028 min=262264 largest=245748 uptime=2402s
[ESP]    [10:20:35.168] [CFG] len=83 err=Ok cfg=0 st=0 ly=0 cs=0 lc=0 cl=0
[ESP]    [10:21:03.323] [HEAP] free=266032 min=262264 largest=245748 uptime=2462s
[ESP]    [10:21:36.086] [CFG] len=83 err=Ok cfg=0 st=0 ly=0 cs=0 lc=0 cl=0
[ESP]    [10:22:03.307] [HEAP] free=266028 min=262264 largest=245748 uptime=2522s
[ESP]    [10:22:37.090] [CFG] len=83 err=Ok cfg=0 st=0 ly=0 cs=0 lc=0 cl=0
[ESP]    [10:23:03.346] [HEAP] free=266032 min=262264 largest=245748 uptime=2582s
[ESP]    [10:23:38.076] [CFG] len=83 err=Ok cfg=0 st=0 ly=0 cs=0 lc=0 cl=0
[ESP]    [10:24:03.460] [HEAP] free=266028 min=262264 largest=245748 uptime=2642s
[ESP]    [10:24:38.982] [CFG] len=83 err=Ok cfg=0 st=0 ly=0 cs=0 lc=0 cl=0
[ESP]    [10:25:03.472] [HEAP] free=266028 min=262264 largest=245748 uptime=2702s
[ESP]    [10:25:07.234] [CFG] len=25 err=Ok cfg=1 st=0 ly=0 cs=0 lc=0 cl=0
[ESP]    [10:25:41.285] [CFG] len=83 err=Ok cfg=0 st=0 ly=0 cs=0 lc=0 cl=0
[ESP]    [10:26:03.567] [HEAP] free=266028 min=262264 largest=245748 uptime=2762s
[ESP]    [10:26:42.290] [CFG] len=83 err=Ok cfg=0 st=0 ly=0 cs=0 lc=0 cl=0
[ESP]    [10:27:30.266] [HEAP] free=266032 min=262264 largest=245748 uptime=2822s
[ESP]    [10:27:30.269] [CFG] len=25 err=Ok cfg=1 st=0 ly=0 cs=0 lc=0 cl=0
[ESP]    [10:27:43.332] [CFG] len=83 err=Ok cfg=0 st=0 ly=0 cs=0 lc=0 cl=0
[ESP]    [10:28:03.709] [HEAP] free=266032 min=262264 largest=245748 uptime=2882s
[ESP]    [10:28:45.830] [CFG] len=83 err=Ok cfg=0 st=0 ly=0 cs=0 lc=0 cl=0
[ESP]    [10:29:24.356] [HEAP] free=266028 min=262264 largest=245748 uptime=2943s
[ESP]    [10:29:24.358] [CFG] len=25 err=Ok cfg=1 st=0 ly=0 cs=0 lc=0 cl=0
[ESP]    [10:29:47.042] [CFG] len=83 err=Ok cfg=0 st=0 ly=0 cs=0 lc=0 cl=0
[ESP]    [10:30:03.832] [HEAP] free=266032 min=262264 largest=245748 uptime=3003s
[ESP]    [10:30:48.410] [CFG] len=83 err=Ok cfg=0 st=0 ly=0 cs=0 lc=0 cl=0
[ESP]    [10:31:03.866] [HEAP] free=266028 min=262264 largest=245748 uptime=3063s
[ESP]    [10:31:33.300] [CFG] len=25 err=Ok cfg=1 st=0 ly=0 cs=0 lc=0 cl=0
[ESP]    [10:31:49.554] [CFG] len=83 err=Ok cfg=0 st=0 ly=0 cs=0 lc=0 cl=0
[ESP]    [10:32:03.907] [HEAP] free=266028 min=262264 largest=245748 uptime=3123s
[ESP]    [10:32:50.605] [CFG] len=83 err=Ok cfg=0 st=0 ly=0 cs=0 lc=0 cl=0
[ESP]    [10:33:03.941] [HEAP] free=266032 min=262264 largest=245748 uptime=3183s
[ESP]    [10:33:27.335] [CFG] len=25 err=Ok cfg=1 st=0 ly=0 cs=0 lc=0 cl=0
[ESP]    [10:33:51.649] [CFG] len=83 err=Ok cfg=0 st=0 ly=0 cs=0 lc=0 cl=0
[ESP]    [10:34:04.017] [HEAP] free=266028 min=262264 largest=245748 uptime=3243s
[ESP]    [10:34:52.795] [CFG] len=83 err=Ok cfg=0 st=0 ly=0 cs=0 lc=0 cl=0
[ESP]    [10:35:53.848] [HEAP] free=266032 min=262264 largest=245748 uptime=3303s
[ESP]    [10:35:53.849] [CFG] len=83 err=Ok cfg=0 st=0 ly=0 cs=0 lc=0 cl=0
[ESP]    [10:36:04.122] [HEAP] free=266028 min=262264 largest=245748 uptime=3363s
[ESP]    [10:36:54.817] [CFG] len=83 err=Ok cfg=0 st=0 ly=0 cs=0 lc=0 cl=0
[ESP]    [10:37:04.162] [HEAP] free=266032 min=262264 largest=245748 uptime=3423s
[ESP]    [10:37:55.816] [CFG] len=83 err=Ok cfg=0 st=0 ly=0 cs=0 lc=0 cl=0
[ESP]    [10:38:04.209] [HEAP] free=266028 min=262264 largest=245748 uptime=3483s
[ESP]    [10:38:56.730] [CFG] len=83 err=Ok cfg=0 st=0 ly=0 cs=0 lc=0 cl=0
[ESP]    [10:39:57.900] [HEAP] free=266028 min=262264 largest=245748 uptime=3543s
[ESP]    [10:39:57.901] [CFG] len=83 err=Ok cfg=0 st=0 ly=0 cs=0 lc=0 cl=0
[ESP]    [10:40:04.297] [HEAP] free=266032 min=262264 largest=245748 uptime=3603s
[ESP]    [10:40:58.984] [CFG] len=83 err=Ok cfg=0 st=0 ly=0 cs=0 lc=0 cl=0
[ESP]    [10:41:04.335] [HEAP] free=266028 min=262264 largest=245748 uptime=3663s
[ESP]    [10:42:00.057] [CFG] len=83 err=Ok cfg=0 st=0 ly=0 cs=0 lc=0 cl=0
[ESP]    [10:42:04.442] [HEAP] free=266032 min=262264 largest=245748 uptime=3723s
[ESP]    [10:43:01.254] [CFG] len=83 err=Ok cfg=0 st=0 ly=0 cs=0 lc=0 cl=0
[ESP]    [10:44:02.627] [HEAP] free=266028 min=262264 largest=245748 uptime=3783s
[ESP]    [10:44:02.629] [CFG] len=83 err=Ok cfg=0 st=0 ly=0 cs=0 lc=0 cl=0
[ESP]    [10:44:04.496] [HEAP] free=266028 min=262264 largest=245748 uptime=3843s
[ESP]    [10:45:03.588] [CFG] len=83 err=Ok cfg=0 st=0 ly=0 cs=0 lc=0 cl=0
[ESP]    [10:46:04.584] [HEAP] free=266032 min=262264 largest=245748 uptime=3903s
[ESP]    [10:46:04.585] [HEAP] free=266032 min=262264 largest=245748 uptime=3963s
[ESP]    [10:46:04.586] [CFG] len=83 err=Ok cfg=0 st=0 ly=0 cs=0 lc=0 cl=0
[ESP]    [10:47:04.618] [HEAP] free=266028 min=262264 largest=245748 uptime=4023s
[ESP]    [10:47:05.656] [CFG] len=83 err=Ok cfg=0 st=0 ly=0 cs=0 lc=0 cl=0
[ESP]    [10:48:06.757] [HEAP] free=266028 min=262264 largest=245748 uptime=4083s
[ESP]    [10:48:06.758] [CFG] len=83 err=Ok cfg=0 st=0 ly=0 cs=0 lc=0 cl=0
[ESP]    [10:49:04.687] [HEAP] free=266032 min=262264 largest=245748 uptime=4143s
[ESP]    [10:49:07.856] [CFG] len=83 err=Ok cfg=0 st=0 ly=0 cs=0 lc=0 cl=0
[ESP]    [10:50:04.774] [HEAP] free=266028 min=262264 largest=245748 uptime=4204s
[ESP]    [10:50:10.777] [CFG] len=83 err=Ok cfg=0 st=0 ly=0 cs=0 lc=0 cl=0
[ESP]    [10:51:04.870] [HEAP] free=266032 min=262264 largest=245748 uptime=4264s
[ESP]    [10:51:12.083] [CFG] len=82 err=Ok cfg=0 st=0 ly=0 cs=0 lc=0 cl=0
[ESP]    [10:52:04.981] [HEAP] free=266028 min=262264 largest=245748 uptime=4324s
[ESP]    [10:52:14.407] [CFG] len=82 err=Ok cfg=0 st=0 ly=0 cs=0 lc=0 cl=0
[ESP]    [10:53:04.981] [HEAP] free=266028 min=262264 largest=245748 uptime=4384s
[ESP]    [10:53:15.407] [CFG] len=82 err=Ok cfg=0 st=0 ly=0 cs=0 lc=0 cl=0
[ESP]    [10:54:05.089] [HEAP] free=266032 min=262264 largest=245748 uptime=4444s
[ESP]    [10:54:16.692] [CFG] len=82 err=Ok cfg=0 st=0 ly=0 cs=0 lc=0 cl=0
[ESP]    [10:55:17.685] [HEAP] free=266028 min=262264 largest=245748 uptime=4504s
[ESP]    [10:55:17.688] [CFG] len=82 err=Ok cfg=0 st=0 ly=0 cs=0 lc=0 cl=0
[ESP]    [10:56:05.258] [HEAP] free=266032 min=262264 largest=245748 uptime=4564s
[ESP]    [10:56:18.715] [CFG] len=82 err=Ok cfg=0 st=0 ly=0 cs=0 lc=0 cl=0
[ESP]    [10:57:05.277] [HEAP] free=266032 min=262264 largest=245748 uptime=4624s
[ESP]    [10:57:20.986] [CFG] len=82 err=Ok cfg=0 st=0 ly=0 cs=0 lc=0 cl=0
[ESP]    [10:58:05.335] [HEAP] free=266032 min=262264 largest=245748 uptime=4684s
[ESP]    [10:58:22.335] [CFG] len=82 err=Ok cfg=0 st=0 ly=0 cs=0 lc=0 cl=0
[ESP]    [10:59:05.376] [HEAP] free=266028 min=262264 largest=245748 uptime=4744s
[ESP]    [10:59:23.473] [CFG] len=82 err=Ok cfg=0 st=0 ly=0 cs=0 lc=0 cl=0
[ESP]    [11:00:24.505] [HEAP] free=266032 min=262264 largest=245748 uptime=4804s
[ESP]    [11:00:24.506] [CFG] len=85 err=Ok cfg=0 st=0 ly=0 cs=0 lc=0 cl=0
[ESP]    [11:01:05.524] [HEAP] free=266028 min=262264 largest=245748 uptime=4864s
[ESP]    [11:01:25.669] [CFG] len=85 err=Ok cfg=0 st=0 ly=0 cs=0 lc=0 cl=0
[ESP]    [11:02:05.600] [HEAP] free=266032 min=262264 largest=245748 uptime=4924s
[ESP]    [11:02:26.715] [CFG] len=85 err=Ok cfg=0 st=0 ly=0 cs=0 lc=0 cl=0
[ESP]    [11:03:05.669] [HEAP] free=266032 min=262264 largest=245748 uptime=4984s
[ESP]    [11:03:27.700] [CFG] len=85 err=Ok cfg=0 st=0 ly=0 cs=0 lc=0 cl=0
[ESP]    [11:04:05.692] [HEAP] free=266028 min=262264 largest=245748 uptime=5044s
[ESP]    [11:04:28.778] [CFG] len=85 err=Ok cfg=0 st=0 ly=0 cs=0 lc=0 cl=0
[ESP]    [11:05:05.701] [HEAP] free=266032 min=262264 largest=245748 uptime=5104s
[ESP]    [11:05:29.761] [CFG] len=85 err=Ok cfg=0 st=0 ly=0 cs=0 lc=0 cl=0
[ESP]    [11:06:05.708] [HEAP] free=266028 min=262264 largest=245748 uptime=5164s
[ESP]    [11:06:18.411] [CFG] len=25 err=Ok cfg=1 st=0 ly=0 cs=0 lc=0 cl=0
[ESP]    [11:06:30.878] [CFG] len=85 err=Ok cfg=0 st=0 ly=0 cs=0 lc=0 cl=0
[ESP]    [11:06:55.904] BLE: disconnected (reason=531)
[ESP]    [11:06:55.968] BLE: advertising start=OK
[ESP]    [11:06:55.969] [BLE] state -> ADVERTISING (uptime=5215s free_heap=268096)
[ESP]    [11:07:06.871] [HEAP] free=268096 min=262264 largest=245748 uptime=5225s
[ESP]    [11:07:06.872] BLE: connected from 98:dd:60:7f:75:8a
[ESP]    [11:07:06.898] [BLE] state -> CONNECTED (uptime=5226s free_heap=265916)
[ESP]    [11:07:08.855] [CFG] len=1013 err=Ok cfg=1 st=1 ly=1 cs=1 lc=1 cl=1
[ESP]    [11:07:09.209] BLE: sent diag → [BOOT] reason=SOFTWARE(3) free=266024 min=262264 up=5228
[ESP]    [11:07:09.214] [CFG] len=25 err=Ok cfg=1 st=0 ly=0 cs=0 lc=0 cl=0
[ESP]    [11:07:09.492] [CFG] len=25 err=Ok cfg=1 st=0 ly=0 cs=0 lc=0 cl=0
[ESP]    [11:07:09.774] [CFG] len=85 err=Ok cfg=0 st=0 ly=0 cs=0 lc=0 cl=0
[ESP]    [11:07:10.090] [CFG] len=25 err=Ok cfg=1 st=0 ly=0 cs=0 lc=0 cl=0
[ESP]    [11:07:11.580] [CFG] len=25 err=Ok cfg=1 st=0 ly=0 cs=0 lc=0 cl=0
[ESP]    [11:07:15.498] [CFG] len=25 err=Ok cfg=1 st=0 ly=0 cs=0 lc=0 cl=0
[ESP]    [11:07:17.796] [CFG] len=25 err=Ok cfg=1 st=0 ly=0 cs=0 lc=0 cl=0
[ESP]    [11:07:20.437] [CFG] len=25 err=Ok cfg=1 st=0 ly=0 cs=0 lc=0 cl=0
[ESP]    [11:07:22.488] [CFG] len=25 err=Ok cfg=1 st=0 ly=0 cs=0 lc=0 cl=0
[ESP]    [11:07:24.302] [CFG] len=25 err=Ok cfg=1 st=0 ly=0 cs=0 lc=0 cl=0
[ESP]    [11:07:27.001] [CFG] len=25 err=Ok cfg=1 st=0 ly=0 cs=0 lc=0 cl=0
[ESP]    [11:07:27.421] [CFG] len=1013 err=Ok cfg=1 st=1 ly=1 cs=1 lc=1 cl=1
[ESP]    [11:07:29.023] [CFG] len=25 err=Ok cfg=1 st=0 ly=0 cs=0 lc=0 cl=0
[ESP]    [11:07:31.240] [CFG] len=25 err=Ok cfg=1 st=0 ly=0 cs=0 lc=0 cl=0
[ESP]    [11:07:31.762] [CFG] len=1016 err=Ok cfg=1 st=1 ly=1 cs=1 lc=1 cl=1
[ESP]    [11:07:39.992] [CFG] len=25 err=Ok cfg=1 st=0 ly=0 cs=0 lc=0 cl=0
[ESP]    [11:07:51.653] [CFG] len=25 err=Ok cfg=1 st=0 ly=0 cs=0 lc=0 cl=0
[ESP]    [11:08:05.873] [HEAP] free=266024 min=262264 largest=245748 uptime=5285s
[ESP]    [11:08:08.197] [CFG] len=1019 err=Ok cfg=1 st=1 ly=1 cs=1 lc=1 cl=1
[ESP]    [11:08:13.328] [CFG] len=1016 err=Ok cfg=1 st=1 ly=1 cs=1 lc=1 cl=1
[ESP]    [11:08:14.218] [CFG] len=85 err=Ok cfg=0 st=0 ly=0 cs=0 lc=0 cl=0
[ESP]    [11:08:26.318] [CFG] len=25 err=Ok cfg=1 st=0 ly=0 cs=0 lc=0 cl=0
[ESP]    [11:08:27.534] [CFG] len=25 err=Ok cfg=1 st=0 ly=0 cs=0 lc=0 cl=0
[ESP]    [11:08:28.050] [CFG] len=1013 err=Ok cfg=1 st=1 ly=1 cs=1 lc=1 cl=1
[ESP]    [11:08:36.467] [CFG] len=25 err=Ok cfg=1 st=0 ly=0 cs=0 lc=0 cl=0
[ESP]    [11:08:37.573] [CFG] len=25 err=Ok cfg=1 st=0 ly=0 cs=0 lc=0 cl=0
[ESP]    [11:08:38.206] [CFG] len=1016 err=Ok cfg=1 st=1 ly=1 cs=1 lc=1 cl=1
[ESP]    [11:08:45.809] [CFG] len=25 err=Ok cfg=1 st=0 ly=0 cs=0 lc=0 cl=0
[ESP]    [11:08:48.202] [CFG] len=987 err=Ok cfg=1 st=1 ly=1 cs=1 lc=1 cl=1
[ESP]    [11:09:05.982] [HEAP] free=265876 min=262264 largest=245748 uptime=5345s
[ESP]    [11:09:09.780] [CFG] len=25 err=Ok cfg=1 st=0 ly=0 cs=0 lc=0 cl=0
[ESP]    [11:09:19.495] [CFG] len=85 err=Ok cfg=0 st=0 ly=0 cs=0 lc=0 cl=0
[ESP]    [11:09:42.982] [CFG] len=25 err=Ok cfg=1 st=0 ly=0 cs=0 lc=0 cl=0
[ESP]    [11:09:59.329] [CFG] len=25 err=Ok cfg=1 st=0 ly=0 cs=0 lc=0 cl=0
[ESP]    [11:10:00.932] [CFG] len=25 err=Ok cfg=1 st=0 ly=0 cs=0 lc=0 cl=0
[ESP]    [11:10:06.074] [HEAP] free=265880 min=262264 largest=245748 uptime=5405s
[ESP]    [11:10:12.540] [CFG] len=25 err=Ok cfg=1 st=0 ly=0 cs=0 lc=0 cl=0
[ESP]    [11:10:20.731] [CFG] len=85 err=Ok cfg=0 st=0 ly=0 cs=0 lc=0 cl=0
[ESP]    [11:11:16.352] [HEAP] free=265876 min=262264 largest=245748 uptime=5465s
[ESP]    [11:11:16.354] BLE: refresh requested
[ESP]    [11:11:17.597] [CFG] len=85 err=Ok cfg=0 st=0 ly=0 cs=0 lc=0 cl=0
[ESP]    [11:11:34.878] [CFG] len=25 err=Ok cfg=1 st=0 ly=0 cs=0 lc=0 cl=0
[ESP]    [11:11:50.555] [CFG] len=25 err=Ok cfg=1 st=0 ly=0 cs=0 lc=0 cl=0
[ESP]    [11:12:06.141] [HEAP] free=265876 min=262264 largest=245748 uptime=5525s
[ESP]    [11:12:07.079] [CFG] len=987 err=Ok cfg=1 st=1 ly=1 cs=1 lc=1 cl=1
[ESP]    [11:12:23.117] [CFG] len=85 err=Ok cfg=0 st=0 ly=0 cs=0 lc=0 cl=0
[ESP]    [11:12:26.009] [CFG] len=25 err=Ok cfg=1 st=0 ly=0 cs=0 lc=0 cl=0
[ESP]    [11:13:06.241] [HEAP] free=265880 min=262264 largest=245748 uptime=5585s
[ESP]    [11:13:11.348] [CFG] len=25 err=Ok cfg=1 st=0 ly=0 cs=0 lc=0 cl=0
[ESP]    [11:13:24.216] [CFG] len=85 err=Ok cfg=0 st=0 ly=0 cs=0 lc=0 cl=0
[ESP]    [11:14:08.808] [HEAP] free=265880 min=262264 largest=245748 uptime=5645s
[ESP]    [11:14:08.809] [CFG] len=25 err=Ok cfg=1 st=0 ly=0 cs=0 lc=0 cl=0
[ESP]    [11:14:25.203] [CFG] len=85 err=Ok cfg=0 st=0 ly=0 cs=0 lc=0 cl=0
[ESP]    [11:14:32.341] [CFG] len=25 err=Ok cfg=1 st=0 ly=0 cs=0 lc=0 cl=0
[ESP]    [11:14:34.733] [CFG] len=987 err=Ok cfg=1 st=1 ly=1 cs=1 lc=1 cl=1
[ESP]    [11:15:06.365] [HEAP] free=265876 min=262264 largest=245748 uptime=5705s
[ESP]    [11:15:27.093] [CFG] len=85 err=Ok cfg=0 st=0 ly=0 cs=0 lc=0 cl=0
[ESP]    [11:15:33.243] [CFG] len=987 err=Ok cfg=1 st=1 ly=1 cs=1 lc=1 cl=1
[ESP]    [11:15:35.206] [CFG] len=987 err=Ok cfg=1 st=1 ly=1 cs=1 lc=1 cl=1
[ESP]    [11:15:36.911] [CFG] len=31 err=Ok cfg=1 st=0 ly=0 cs=0 lc=0 cl=0
[ESP]    [11:15:41.872] [CFG] len=31 err=Ok cfg=1 st=0 ly=0 cs=0 lc=0 cl=0
[ESP]    [11:15:54.849] [CFG] len=987 err=Ok cfg=1 st=1 ly=1 cs=1 lc=1 cl=1
[ESP]    [11:16:06.433] [HEAP] free=265880 min=262220 largest=245748 uptime=5765s
[ESP]    [11:16:31.334] [CFG] len=85 err=Ok cfg=0 st=0 ly=0 cs=0 lc=0 cl=0
[ESP]    [11:16:37.349] [CFG] len=25 err=Ok cfg=1 st=0 ly=0 cs=0 lc=0 cl=0
[ESP]    [11:16:42.548] [CFG] len=25 err=Ok cfg=1 st=0 ly=0 cs=0 lc=0 cl=0
[ESP]    [11:16:43.299] [CFG] len=25 err=Ok cfg=1 st=0 ly=0 cs=0 lc=0 cl=0
[ESP]    [11:16:47.442] [CFG] len=25 err=Ok cfg=1 st=0 ly=0 cs=0 lc=0 cl=0
[ESP]    [11:16:47.833] [CFG] len=25 err=Ok cfg=1 st=0 ly=0 cs=0 lc=0 cl=0
[ESP]    [11:17:06.442] [HEAP] free=265880 min=262220 largest=245748 uptime=5825s
[ESP]    [11:17:33.724] [CFG] len=85 err=Ok cfg=0 st=0 ly=0 cs=0 lc=0 cl=0
[ESP]    [11:18:06.475] [HEAP] free=265876 min=262220 largest=245748 uptime=5885s
[ESP]    [11:18:34.833] [CFG] len=85 err=Ok cfg=0 st=0 ly=0 cs=0 lc=0 cl=0
[ESP]    [11:19:00.747] [CFG] len=25 err=Ok cfg=1 st=0 ly=0 cs=0 lc=0 cl=0
[ESP]    [11:19:29.837] [HEAP] free=265876 min=262220 largest=245748 uptime=5945s
[ESP]    [11:19:29.838] BLE: disconnected (reason=531)
[ESP]    [11:19:29.890] BLE: advertising start=OK
[ESP]    [11:19:29.891] [BLE] state -> ADVERTISING (uptime=5969s free_heap=267904)
[ESP]    [11:20:06.551] [HEAP] free=267904 min=262220 largest=245748 uptime=6005s
[ESP]    [11:22:06.575] [HEAP] free=267904 min=262220 largest=245748 uptime=6065s
[ESP]    [11:22:06.576] [HEAP] free=267904 min=262220 largest=245748 uptime=6125s
[ESP]    [11:22:14.491] BLE: connected from 98:dd:60:7f:75:8a
[ESP]    [11:22:14.491] BLE: advertising start=OK
[ESP]    [11:22:16.243] [CFG] len=25 err=Ok cfg=1 st=0 ly=0 cs=0 lc=0 cl=0
[ESP]    [11:22:16.449] [CFG] len=25 err=Ok cfg=1 st=0 ly=0 cs=0 lc=0 cl=0
[ESP]    [11:22:17.433] [CFG] len=85 err=Ok cfg=0 st=0 ly=0 cs=0 lc=0 cl=0
[ESP]    [11:22:29.946] BLE: disconnected too long — rebooting to reset radioESP-ROM:esp32c6-20220919
[ESP]    [11:22:30.856] [BOOT] reason=SOFTWARE (3) free_heap=316100 min_heap=311112
[ESP]    [11:22:31.588] BLE: advertising start=OK
[ESP]    [11:22:31.588] BLE: init complete, MAC=20:6E:F1:09:34:EE
[ESP]    [11:22:32.056] [BLE] state -> ADVERTISING (uptime=1s free_heap=268904)
[ESP]    [11:22:41.039] BLE: connected from 98:dd:60:7f:75:8a
[ESP]    [11:22:41.095] [BLE] state -> CONNECTED (uptime=10s free_heap=266612)
[ESP]    [11:22:42.177] BLE: refresh requested
[ESP]    [11:22:42.390] [CFG] len=356 err=IncompleteInput
[ESP]    [11:22:42.659] [CFG] len=987 err=Ok cfg=1 st=1 ly=1 cs=1 lc=1 cl=1
[ESP]    [11:22:43.169] BLE: sent diag → [BOOT] reason=SOFTWARE(3) free=266612 min=263060 up=12
[ESP]    [11:22:43.315] [CFG] len=25 err=Ok cfg=1 st=0 ly=0 cs=0 lc=0 cl=0
[ESP]    [11:22:43.641] [CFG] len=85 err=Ok cfg=0 st=0 ly=0 cs=0 lc=0 cl=0
[ESP]    [11:23:28.003] [CFG] len=25 err=Ok cfg=1 st=0 ly=0 cs=0 lc=0 cl=0
[ESP]    [11:23:30.561] [HEAP] free=266464 min=263060 largest=249844 uptime=60s
[ESP]    [11:23:44.752] [CFG] len=85 err=Ok cfg=0 st=0 ly=0 cs=0 lc=0 cl=0
[ESP]    [11:23:59.497] [CFG] len=25 err=Ok cfg=1 st=0 ly=0 cs=0 lc=0 cl=0
[ESP]    [11:24:30.609] [HEAP] free=266464 min=263060 largest=249844 uptime=120s
[ESP]    [11:24:48.194] [CFG] len=85 err=Ok cfg=0 st=0 ly=0 cs=0 lc=0 cl=0
[ESP]    [11:24:56.028] [CFG] len=25 err=Ok cfg=1 st=0 ly=0 cs=0 lc=0 cl=0
[ESP]    [11:25:30.693] [HEAP] free=266464 min=263060 largest=249844 uptime=180s
[ESP]    [11:25:50.205] [CFG] len=85 err=Ok cfg=0 st=0 ly=0 cs=0 lc=0 cl=0
[ESP]    [11:26:30.740] [HEAP] free=266464 min=263060 largest=249844 uptime=240s
